[INFO] Scanning for projects...
[INFO]
[INFO] ------------------------< com.unime:securegame >------------------------
[INFO] Building SecureGame 0.0.1-SNAPSHOT
[INFO]   from pom.xml
[INFO] --------------------------------[ jar ]---------------------------------
[INFO]
[INFO] >>> spring-boot:3.3.4:run (default-cli) > test-compile @ securegame >>>
[INFO]
[INFO] --- resources:3.3.1:resources (default-resources) @ securegame ---
[INFO] Copying 2 resources from src/main/resources to target/classes
[INFO] Copying 7 resources from src/main/resources to target/classes
[INFO]
[INFO] --- compiler:3.13.0:compile (default-compile) @ securegame ---
[INFO] Nothing to compile - all classes are up to date.
[INFO]
[INFO] --- resources:3.3.1:testResources (default-testResources) @ securegame ---
[INFO] Copying 1 resource from src/test/resources to target/test-classes
[INFO]
[INFO] --- compiler:3.13.0:testCompile (default-testCompile) @ securegame ---
[INFO] Nothing to compile - all classes are up to date.
[INFO]
[INFO] <<< spring-boot:3.3.4:run (default-cli) < test-compile @ securegame <<<
[INFO]
[INFO]
[INFO] --- spring-boot:3.3.4:run (default-cli) @ securegame ---
[INFO] Attaching agents: []

  .   ____          _            __ _ _
 /\\ / ___'_ __ _ _(_)_ __  __ _ \ \ \ \
( ( )\___ | '_ | '_| | '_ \/ _` | \ \ \ \
 \\/  ___)| |_)| | | | | || (_| |  ) ) ) )
  '  |____| .__|_| |_|_| |_\__, | / / / /
 =========|_|==============|___/=/_/_/_/

 :: Spring Boot ::                (v3.3.4)

2026-09-24T21:50:26.970Z  INFO 175577 --- [SecureGame] [           main] c.u.securegame.SecureGameApplication     : Starting SecureGameApplication using Java 21.0.10 with PID 175577 (/app/target/classes started by jules in /app)
2026-09-24T21:50:26.972Z DEBUG 175577 --- [SecureGame] [           main] c.u.securegame.SecureGameApplication     : Running with Spring Boot v3.3.4, Spring v6.1.13
2026-09-24T21:50:26.973Z  INFO 175577 --- [SecureGame] [           main] c.u.securegame.SecureGameApplication     : No active profile set, falling back to 1 default profile: "default"
2026-09-24T21:50:27.734Z  INFO 175577 --- [SecureGame] [           main] .s.d.r.c.RepositoryConfigurationDelegate : Bootstrapping Spring Data JPA repositories in DEFAULT mode.
2026-09-24T21:50:27.820Z  INFO 175577 --- [SecureGame] [           main] .s.d.r.c.RepositoryConfigurationDelegate : Finished Spring Data repository scanning in 77 ms. Found 8 JPA repository interfaces.
2026-09-24T21:50:28.475Z  INFO 175577 --- [SecureGame] [           main] o.s.b.w.embedded.tomcat.TomcatWebServer  : Tomcat initialized with port 8080 (http)
2026-09-24T21:50:28.492Z  INFO 175577 --- [SecureGame] [           main] o.apache.catalina.core.StandardService   : Starting service [Tomcat]
2026-09-24T21:50:28.493Z  INFO 175577 --- [SecureGame] [           main] o.apache.catalina.core.StandardEngine    : Starting Servlet engine: [Apache Tomcat/10.1.30]
2026-09-24T21:50:28.570Z  INFO 175577 --- [SecureGame] [           main] o.a.c.c.C.[Tomcat].[localhost].[/]       : Initializing Spring embedded WebApplicationContext
2026-09-24T21:50:28.571Z  INFO 175577 --- [SecureGame] [           main] w.s.c.ServletWebServerApplicationContext : Root WebApplicationContext: initialization completed in 1547 ms
2026-09-24T21:50:28.609Z  INFO 175577 --- [SecureGame] [           main] com.zaxxer.hikari.HikariDataSource       : HikariPool-1 - Starting...
2026-09-24T21:50:28.818Z  INFO 175577 --- [SecureGame] [           main] com.zaxxer.hikari.pool.HikariPool        : HikariPool-1 - Added connection conn0: url=jdbc:h2:mem:securegamedb user=SA
2026-09-24T21:50:28.820Z  INFO 175577 --- [SecureGame] [           main] com.zaxxer.hikari.HikariDataSource       : HikariPool-1 - Start completed.
2026-09-24T21:50:28.833Z  INFO 175577 --- [SecureGame] [           main] o.s.b.a.h2.H2ConsoleAutoConfiguration    : H2 console available at '/h2-console'. Database available at 'jdbc:h2:mem:securegamedb'
2026-09-24T21:50:28.981Z  INFO 175577 --- [SecureGame] [           main] o.hibernate.jpa.internal.util.LogHelper  : HHH000204: Processing PersistenceUnitInfo [name: default]
2026-09-24T21:50:29.032Z  INFO 175577 --- [SecureGame] [           main] org.hibernate.Version                    : HHH000412: Hibernate ORM core version 6.5.3.Final
2026-09-24T21:50:29.065Z  INFO 175577 --- [SecureGame] [           main] o.h.c.internal.RegionFactoryInitiator    : HHH000026: Second-level cache disabled
2026-09-24T21:50:29.442Z  INFO 175577 --- [SecureGame] [           main] o.s.o.j.p.SpringPersistenceUnitInfo      : No LoadTimeWeaver setup: ignoring JPA class transformer
2026-09-24T21:50:29.496Z  WARN 175577 --- [SecureGame] [           main] org.hibernate.orm.deprecation            : HHH90000025: H2Dialect does not need to be specified explicitly using 'hibernate.dialect' (remove the property setting and it will be selected by default)
2026-09-24T21:50:30.544Z  INFO 175577 --- [SecureGame] [           main] o.h.e.t.j.p.i.JtaPlatformInitiator       : HHH000489: No JTA platform available (set 'hibernate.transaction.jta.platform' to enable JTA platform integration)
2026-09-24T21:50:30.614Z  INFO 175577 --- [SecureGame] [           main] j.LocalContainerEntityManagerFactoryBean : Initialized JPA EntityManagerFactory for persistence unit 'default'
2026-09-24T21:50:31.382Z  WARN 175577 --- [SecureGame] [           main] JpaBaseConfiguration$JpaWebConfiguration : spring.jpa.open-in-view is enabled by default. Therefore, database queries may be performed during view rendering. Explicitly configure spring.jpa.open-in-view to disable this warning
2026-09-24T21:50:31.470Z  INFO 175577 --- [SecureGame] [           main] o.s.b.a.w.s.WelcomePageHandlerMapping    : Adding welcome page: class path resource [static/index.html]
2026-09-24T21:50:31.839Z  INFO 175577 --- [SecureGame] [           main] o.s.b.w.embedded.tomcat.TomcatWebServer  : Tomcat started on port 8080 (http) with context path '/'
2026-09-24T21:50:31.842Z  INFO 175577 --- [SecureGame] [           main] o.s.m.s.b.SimpleBrokerMessageHandler     : Starting...
2026-09-24T21:50:31.843Z  INFO 175577 --- [SecureGame] [           main] o.s.m.s.b.SimpleBrokerMessageHandler     : BrokerAvailabilityEvent[available=true, SimpleBrokerMessageHandler [org.springframework.messaging.simp.broker.DefaultSubscriptionRegistry@183435c0]]
2026-09-24T21:50:31.843Z  INFO 175577 --- [SecureGame] [           main] o.s.m.s.b.SimpleBrokerMessageHandler     : Started.
2026-09-24T21:50:31.856Z  INFO 175577 --- [SecureGame] [           main] c.u.securegame.SecureGameApplication     : Started SecureGameApplication in 5.318 seconds (process running for 5.691)
[SecureGame] Model trained on 3000 synthetic samples.
[SecureGame] Seeded 13 coach feedback tips.
2026-09-24T21:50:48.988Z  INFO 175577 --- [SecureGame] [nio-8080-exec-1] o.a.c.c.C.[Tomcat].[localhost].[/]       : Initializing Spring DispatcherServlet 'dispatcherServlet'
2026-09-24T21:50:48.989Z  INFO 175577 --- [SecureGame] [nio-8080-exec-1] o.s.web.servlet.DispatcherServlet        : Initializing Servlet 'dispatcherServlet'
2026-09-24T21:50:48.991Z  INFO 175577 --- [SecureGame] [nio-8080-exec-1] o.s.web.servlet.DispatcherServlet        : Completed initialization in 2 ms
2026-09-24T21:51:31.820Z  INFO 175577 --- [SecureGame] [MessageBroker-1] o.s.w.s.c.WebSocketMessageBrokerStats    : WebSocketSession[0 current WS(0)-HttpStream(0)-HttpPoll(0), 0 total, 0 closed abnormally (0 connect failure, 0 send limit, 0 transport error)], stompSubProtocol[processed CONNECT(0)-CONNECTED(0)-DISCONNECT(0)], stompBrokerRelay[null], inboundChannel[pool size = 0, active threads = 0, queued tasks = 0, completed tasks = 0], outboundChannel[pool size = 0, active threads = 0, queued tasks = 0, completed tasks = 0], sockJsScheduler[pool size = 1, active threads = 1, queued tasks = 0, completed tasks = 0]
2026-09-24T21:55:10.760Z  INFO 175577 --- [SecureGame] [ionShutdownHook] o.s.m.s.b.SimpleBrokerMessageHandler     : Stopping...
2026-09-24T21:55:10.760Z  INFO 175577 --- [SecureGame] [ionShutdownHook] o.s.m.s.b.SimpleBrokerMessageHandler     : BrokerAvailabilityEvent[available=false, SimpleBrokerMessageHandler [org.springframework.messaging.simp.broker.DefaultSubscriptionRegistry@183435c0]]
2026-09-24T21:55:10.760Z  INFO 175577 --- [SecureGame] [ionShutdownHook] o.s.m.s.b.SimpleBrokerMessageHandler     : Stopped.
2026-09-24T21:55:10.774Z  INFO 175577 --- [SecureGame] [ionShutdownHook] j.LocalContainerEntityManagerFactoryBean : Closing JPA EntityManagerFactory for persistence unit 'default'
2026-09-24T21:55:10.783Z  INFO 175577 --- [SecureGame] [ionShutdownHook] com.zaxxer.hikari.HikariDataSource       : HikariPool-1 - Shutdown initiated...
2026-09-24T21:55:10.785Z  INFO 175577 --- [SecureGame] [ionShutdownHook] com.zaxxer.hikari.HikariDataSource       : HikariPool-1 - Shutdown completed.
